[2026-06-17 10:38:49] [update_live_ui] AttributeError: 'dict' object has no attribute 'frame'
[2026-06-17 10:38:49] [periodic_insight_refresh] AttributeError: 'dict' object has no attribute 'frame'
[2026-06-17 10:39:57] [update_live_ui] AttributeError: 'dict' object has no attribute 'frame'
[2026-06-17 10:39:57] [periodic_insight_refresh] AttributeError: 'dict' object has no attribute 'frame'
[2026-06-17 10:39:58] [update_live_ui] AttributeError: 'dict' object has no attribute 'frame'
[2026-06-18 19:32:56] [update_live_ui] AttributeError: 'dict' object has no attribute 'frame'
[2026-06-18 19:32:56] [periodic_insight_refresh] AttributeError: 'dict' object has no attribute 'frame'
[2026-06-18 19:32:57] [update_live_ui] AttributeError: 'dict' object has no attribute 'frame'
[2026-06-18 19:32:58] [update_live_ui] AttributeError: 'dict' object has no attribute 'frame'
[2026-06-18 19:32:59] [update_live_ui] AttributeError: 'dict' object has no attribute 'frame'
[2026-06-18 19:33:00] [update_live_ui] AttributeError: 'dict' object has no attribute 'frame'
[2026-06-18 19:33:01] [update_live_ui] AttributeError: 'dict' object has no attribute 'frame'
[2026-06-18 19:37:42] [update_live_ui] AttributeError: 'dict' object has no attribute 'frame'
[2026-06-18 19:37:42] [periodic_insight_refresh] AttributeError: 'dict' object has no attribute 'frame'
[2026-06-18 19:41:08] [update_live_ui] AttributeError: 'dict' object has no attribute 'frame'
[2026-06-18 19:41:08] [periodic_insight_refresh] AttributeError: 'dict' object has no attribute 'frame'
[2026-06-18 19:41:09] [update_live_ui] AttributeError: 'dict' object has no attribute 'frame'
[2026-06-18 19:41:09] [periodic_insight_refresh] AttributeError: 'dict' object has no attribute 'frame'
[2026-06-18 19:41:10] [update_live_ui] AttributeError: 'dict' object has no attribute 'frame'
[2026-06-18 19:41:11] [update_live_ui] AttributeError: 'dict' object has no attribute 'frame'
[2026-06-18 19:41:12] [periodic_insight_refresh] AttributeError: 'dict' object has no attribute 'frame'
[2026-06-18 19:41:12] [update_live_ui] AttributeError: 'dict' object has no attribute 'frame'
[2026-06-18 19:41:13] [update_live_ui] AttributeError: 'dict' object has no attribute 'frame'
[2026-06-18 19:41:14] [update_live_ui] AttributeError: 'dict' object has no attribute 'frame'
[2026-06-18 19:41:15] [update_live_ui] AttributeError: 'dict' object has no attribute 'frame'
[2026-06-18 19:41:16] [update_live_ui] AttributeError: 'dict' object has no attribute 'frame'
[2026-06-18 19:41:17] [update_live_ui] AttributeError: 'dict' object has no attribute 'frame'
[2026-06-18 19:41:18] [periodic_insight_refresh] AttributeError: 'dict' object has no attribute 'frame'
[2026-06-18 19:41:18] [update_live_ui] AttributeError: 'dict' object has no attribute 'frame'
[2026-06-18 19:41:19] [update_live_ui] AttributeError: 'dict' object has no attribute 'frame'
[2026-06-18 19:41:19] [periodic_insight_refresh] AttributeError: 'dict' object has no attribute 'frame'
[2026-06-18 19:42:34] [update_live_ui] AttributeError: 'dict' object has no attribute 'frame'
[2026-06-18 19:42:34] [periodic_insight_refresh] AttributeError: 'dict' object has no attribute 'frame'
[2026-06-18 19:42:35] [update_live_ui] AttributeError: 'dict' object has no attribute 'frame'
[2026-06-18 19:42:36] [update_live_ui] AttributeError: 'dict' object has no attribute 'frame'
[2026-06-18 19:42:37] [update_live_ui] AttributeError: 'dict' object has no attribute 'frame'
[2026-06-18 19:42:38] [update_live_ui] AttributeError: 'dict' object has no attribute 'frame'
[2026-06-18 19:42:38] [periodic_insight_refresh] AttributeError: 'dict' object has no attribute 'frame'
[2026-06-18 19:42:39] [update_live_ui] AttributeError: 'dict' object has no attribute 'frame'
[2026-06-18 19:42:39] [periodic_insight_refresh] AttributeError: 'dict' object has no attribute 'frame'
[2026-06-18 19:42:40] [update_live_ui] AttributeError: 'dict' object has no attribute 'frame'
[2026-06-18 19:42:41] [update_live_ui] AttributeError: 'dict' object has no attribute 'frame'
[2026-06-18 19:42:42] [periodic_insight_refresh] AttributeError: 'dict' object has no attribute 'frame'
[2026-06-18 19:42:42] [update_live_ui] AttributeError: 'dict' object has no attribute 'frame'
[2026-06-18 19:46:25] [update_live_ui] AttributeError: 'dict' object has no attribute 'frame'
[2026-06-18 19:46:25] [periodic_insight_refresh] AttributeError: 'dict' object has no attribute 'frame'
[2026-06-18 19:46:26] [update_live_ui] AttributeError: 'dict' object has no attribute 'frame'
[2026-06-18 19:46:27] [update_live_ui] AttributeError: 'dict' object has no attribute 'frame'
[2026-06-18 19:46:28] [update_live_ui] AttributeError: 'dict' object has no attribute 'frame'
[2026-06-18 19:46:29] [update_live_ui] AttributeError: 'dict' object has no attribute 'frame'
[2026-06-18 19:46:30] [update_live_ui] AttributeError: 'dict' object has no attribute 'frame'
[2026-06-18 19:46:51] [update_live_ui] AttributeError: 'dict' object has no attribute 'frame'
[2026-06-18 19:46:51] [periodic_insight_refresh] AttributeError: 'dict' object has no attribute 'frame'
[2026-06-18 19:46:52] [update_live_ui] AttributeError: 'dict' object has no attribute 'frame'
[2026-06-18 19:46:53] [update_live_ui] AttributeError: 'dict' object has no attribute 'frame'
[2026-06-18 19:46:55] [update_live_ui] AttributeError: 'dict' object has no attribute 'frame'
[2026-06-18 19:46:55] [periodic_insight_refresh] AttributeError: 'dict' object has no attribute 'frame'
[2026-06-18 19:46:56] [update_live_ui] AttributeError: 'dict' object has no attribute 'frame'
[2026-06-18 19:46:57] [update_live_ui] AttributeError: 'dict' object has no attribute 'frame'
[2026-06-18 19:46:58] [update_live_ui] AttributeError: 'dict' object has no attribute 'frame'
[2026-06-18 19:46:59] [update_live_ui] AttributeError: 'dict' object has no attribute 'frame'
[2026-06-18 19:47:00] [update_live_ui] AttributeError: 'dict' object has no attribute 'frame'
[2026-06-18 19:47:01] [update_live_ui] AttributeError: 'dict' object has no attribute 'frame'
[2026-06-18 19:47:02] [periodic_insight_refresh] AttributeError: 'dict' object has no attribute 'frame'
[2026-06-18 19:47:02] [update_live_ui] AttributeError: 'dict' object has no attribute 'frame'
[2026-06-18 19:47:03] [update_live_ui] AttributeError: 'dict' object has no attribute 'frame'
[2026-06-18 19:47:04] [update_live_ui] AttributeError: 'dict' object has no attribute 'frame'
[2026-06-18 19:47:05] [periodic_insight_refresh] AttributeError: 'dict' object has no attribute 'frame'
[2026-06-18 19:47:05] [update_live_ui] AttributeError: 'dict' object has no attribute 'frame'
[2026-06-18 19:47:06] [update_live_ui] AttributeError: 'dict' object has no attribute 'frame'
[2026-06-18 19:47:07] [update_live_ui] AttributeError: 'dict' object has no attribute 'frame'
[2026-06-18 19:47:08] [update_live_ui] AttributeError: 'dict' object has no attribute 'frame'
[2026-06-18 19:48:58] [update_live_ui] AttributeError: 'dict' object has no attribute 'frame'
[2026-06-18 19:48:58] [periodic_insight_refresh] AttributeError: 'dict' object has no attribute 'frame'
[2026-06-18 19:48:59] [update_live_ui] AttributeError: 'dict' object has no attribute 'frame'
[2026-06-18 19:49:00] [update_live_ui] AttributeError: 'dict' object has no attribute 'frame'
[2026-06-18 19:49:01] [update_live_ui] AttributeError: 'dict' object has no attribute 'frame'
[2026-06-18 19:49:02] [periodic_insight_refresh] AttributeError: 'dict' object has no attribute 'frame'
[2026-06-18 19:49:02] [update_live_ui] AttributeError: 'dict' object has no attribute 'frame'
[2026-06-18 19:49:03] [update_live_ui] AttributeError: 'dict' object has no attribute 'frame'
[2026-06-18 19:49:04] [update_live_ui] AttributeError: 'dict' object has no attribute 'frame'
[2026-06-18 19:49:05] [update_live_ui] AttributeError: 'dict' object has no attribute 'frame'
[2026-06-18 19:49:05] [periodic_insight_refresh] AttributeError: 'dict' object has no attribute 'frame'
[2026-06-18 19:49:43] [update_live_ui] AttributeError: 'dict' object has no attribute 'frame'
[2026-06-18 19:49:43] [periodic_insight_refresh] AttributeError: 'dict' object has no attribute 'frame'
[2026-06-18 19:49:44] [update_live_ui] AttributeError: 'dict' object has no attribute 'frame'
[2026-06-18 19:49:45] [periodic_insight_refresh] AttributeError: 'dict' object has no attribute 'frame'
[2026-06-18 19:49:45] [update_live_ui] AttributeError: 'dict' object has no attribute 'frame'
[2026-06-18 19:49:46] [update_live_ui] AttributeError: 'dict' object has no attribute 'frame'
[2026-06-18 19:49:47] [update_live_ui] AttributeError: 'dict' object has no attribute 'frame'
[2026-06-18 19:49:48] [periodic_insight_refresh] AttributeError: 'dict' object has no attribute 'frame'
[2026-06-18 19:49:48] [update_live_ui] AttributeError: 'dict' object has no attribute 'frame'
[2026-06-18 19:49:49] [update_live_ui] AttributeError: 'dict' object has no attribute 'frame'
[2026-06-18 19:49:50] [update_live_ui] AttributeError: 'dict' object has no attribute 'frame'
[2026-06-18 19:49:51] [update_live_ui] AttributeError: 'dict' object has no attribute 'frame'
[2026-06-18 19:49:52] [periodic_insight_refresh] AttributeError: 'dict' object has no attribute 'frame'
[2026-06-18 19:49:52] [update_live_ui] AttributeError: 'dict' object has no attribute 'frame'
[2026-06-18 19:49:53] [periodic_insight_refresh] AttributeError: 'dict' object has no attribute 'frame'
[2026-06-18 19:49:53] [update_live_ui] AttributeError: 'dict' object has no attribute 'frame'
[2026-06-18 19:49:54] [update_live_ui] AttributeError: 'dict' object has no attribute 'frame'
[2026-06-18 19:49:55] [periodic_insight_refresh] AttributeError: 'dict' object has no attribute 'frame'
[2026-06-18 19:49:55] [update_live_ui] AttributeError: 'dict' object has no attribute 'frame'
[2026-06-18 19:49:56] [update_live_ui] AttributeError: 'dict' object has no attribute 'frame'
[2026-06-18 19:49:57] [update_live_ui] AttributeError: 'dict' object has no attribute 'frame'
[2026-06-18 19:49:58] [periodic_insight_refresh] AttributeError: 'dict' object has no attribute 'frame'
[2026-06-18 19:49:58] [update_live_ui] AttributeError: 'dict' object has no attribute 'frame'
[2026-06-18 19:49:59] [update_live_ui] AttributeError: 'dict' object has no attribute 'frame'
[2026-06-18 19:50:00] [update_live_ui] AttributeError: 'dict' object has no attribute 'frame'
[2026-06-18 19:50:01] [update_live_ui] AttributeError: 'dict' object has no attribute 'frame'
[2026-06-18 19:50:02] [periodic_insight_refresh] AttributeError: 'dict' object has no attribute 'frame'
[2026-06-18 19:50:02] [get_active_process_name] ValueError: pid must be a positive integer (got -1922223392)
[2026-06-18 19:50:02] [update_live_ui] AttributeError: 'dict' object has no attribute 'frame'
[2026-06-18 19:50:41] [update_live_ui] AttributeError: 'dict' object has no attribute 'frame'
[2026-06-18 19:50:41] [periodic_insight_refresh] AttributeError: 'dict' object has no attribute 'frame'
[2026-06-18 19:50:42] [periodic_insight_refresh] AttributeError: 'dict' object has no attribute 'frame'
[2026-06-18 19:51:08] [periodic_insight_refresh] AttributeError: 'dict' object has no attribute 'frame'
[2026-06-18 19:51:08] [update_live_ui] AttributeError: 'dict' object has no attribute 'frame'
[2026-06-18 19:51:08] [periodic_insight_refresh] AttributeError: 'dict' object has no attribute 'frame'
[2026-06-18 19:51:09] [update_live_ui] AttributeError: 'dict' object has no attribute 'frame'
[2026-06-18 19:51:10] [update_live_ui] AttributeError: 'dict' object has no attribute 'frame'
[2026-06-18 19:51:11] [update_live_ui] AttributeError: 'dict' object has no attribute 'frame'
[2026-06-18 19:51:11] [periodic_insight_refresh] AttributeError: 'dict' object has no attribute 'frame'
[2026-06-18 19:51:12] [periodic_insight_refresh] AttributeError: 'dict' object has no attribute 'frame'
[2026-06-18 19:51:12] [update_live_ui] AttributeError: 'dict' object has no attribute 'frame'
[2026-06-18 19:51:13] [update_live_ui] AttributeError: 'dict' object has no attribute 'frame'
[2026-06-18 19:51:13] [periodic_insight_refresh] AttributeError: 'dict' object has no attribute 'frame'
[2026-06-18 19:51:14] [update_live_ui] AttributeError: 'dict' object has no attribute 'frame'
[2026-06-18 19:51:15] [update_live_ui] AttributeError: 'dict' object has no attribute 'frame'
[2026-06-18 19:51:15] [periodic_insight_refresh] AttributeError: 'dict' object has no attribute 'frame'
[2026-06-18 19:51:16] [update_live_ui] AttributeError: 'dict' object has no attribute 'frame'
[2026-06-18 19:51:17] [update_live_ui] AttributeError: 'dict' object has no attribute 'frame'
[2026-06-18 19:51:18] [periodic_insight_refresh] AttributeError: 'dict' object has no attribute 'frame'
[2026-06-18 19:51:18] [periodic_insight_refresh] AttributeError: 'dict' object has no attribute 'frame'
[2026-06-18 19:51:18] [update_live_ui] AttributeError: 'dict' object has no attribute 'frame'
[2026-06-18 19:51:19] [update_live_ui] AttributeError: 'dict' object has no attribute 'frame'
[2026-08-26 01:39:07] [update_live_ui] AttributeError: 'dict' object has no attribute 'frame'
[2026-08-26 01:39:07] [periodic_insight_refresh] AttributeError: 'dict' object has no attribute 'frame'
[2026-08-26 01:39:08] [update_live_ui] AttributeError: 'dict' object has no attribute 'frame'
[2026-08-26 01:39:09] [update_live_ui] AttributeError: 'dict' object has no attribute 'frame'
[2026-08-26 01:39:10] [update_live_ui] AttributeError: 'dict' object has no attribute 'frame'
[2026-08-26 01:39:11] [update_live_ui] AttributeError: 'dict' object has no attribute 'frame'
[2026-08-26 01:40:50] [get_active_process_name] ValueError: pid must be a positive integer (got -346344736)
[2026-08-26 01:41:44] [get_active_process_name] ValueError: pid must be a positive integer (got -346344736)
[2026-08-26 01:42:08] [get_active_process_name] ValueError: pid must be a positive integer (got -346344736)
[2026-08-26 01:47:23] [get_active_process_name] ValueError: pid must be a positive integer (got -346344736)
[2026-08-26 01:55:58] [get_active_process_name] ValueError: pid must be a positive integer (got -346344736)
[2026-08-26 08:04:57] [update_live_ui] AttributeError: 'dict' object has no attribute 'frame'
[2026-08-26 08:04:57] [periodic_insight_refresh] AttributeError: 'dict' object has no attribute 'frame'
[2026-08-26 08:04:58] [update_live_ui] AttributeError: 'dict' object has no attribute 'frame'
[2026-08-26 08:04:59] [update_live_ui] AttributeError: 'dict' object has no attribute 'frame'
[2026-08-26 08:05:05] [update_behavioral_insight_panel] ParserError: Error tokenizing data. C error: Expected 10 fields in line 174, saw 13

[2026-08-26 08:05:09] [_populate_app_history] ParserError: Error tokenizing data. C error: Expected 10 fields in line 174, saw 13

[2026-08-26 15:56:40] [update_behavioral_insight_panel] ValueError: invalid literal for int() with base 10: 'q1_secondsq2_secondsq3_secondsq4_seconds'
[2026-08-26 15:56:58] [update_live_ui] AttributeError: 'dict' object has no attribute 'frame'
[2026-08-26 15:56:58] [update_behavioral_insight_panel] ValueError: invalid literal for int() with base 10: 'q1_secondsq2_secondsq3_secondsq4_seconds'
[2026-08-26 15:56:58] [periodic_insight_refresh] AttributeError: 'dict' object has no attribute 'frame'
[2026-09-01 12:20:24] [update_behavioral_insight_panel] ValueError: invalid literal for int() with base 10: 'q1_secondsq2_secondsq3_secondsq4_seconds'
[2026-09-01 12:20:50] [update_live_ui] AttributeError: 'dict' object has no attribute 'frame'
[2026-09-01 12:20:50] [update_behavioral_insight_panel] ValueError: invalid literal for int() with base 10: 'q1_secondsq2_secondsq3_secondsq4_seconds'
[2026-09-01 12:20:50] [periodic_insight_refresh] AttributeError: 'dict' object has no attribute 'frame'
[2026-09-01 12:21:22] [get_active_process_name] ValueError: pid must be a positive integer (got -1893845984)
[2026-09-01 12:22:58] [get_active_process_name] ValueError: pid must be a positive integer (got -1893845984)
[2026-09-01 12:26:26] [update_behavioral_insight_panel] ValueError: invalid literal for int() with base 10: 'q1_secondsq2_secondsq3_secondsq4_seconds'
[2026-09-01 12:26:29] [update_live_ui] AttributeError: 'dict' object has no attribute 'frame'
[2026-09-01 12:26:30] [update_live_ui] AttributeError: 'dict' object has no attribute 'frame'
[2026-09-01 12:35:41] [get_active_process_name] ValueError: pid must be a positive integer (got -1893845984)
[2026-09-01 12:40:34] [update_behavioral_insight_panel] ValueError: invalid literal for int() with base 10: 'q1_secondsq2_secondsq3_secondsq4_seconds'
[2026-09-01 14:32:26] [update_live_ui] AttributeError: 'dict' object has no attribute 'frame'
[2026-09-01 14:32:26] [update_behavioral_insight_panel] ValueError: invalid literal for int() with base 10: 'q1_secondsq2_secondsq3_secondsq4_seconds'
[2026-09-01 14:32:26] [periodic_insight_refresh] AttributeError: 'dict' object has no attribute 'frame'
[2026-09-01 14:32:27] [update_live_ui] AttributeError: 'dict' object has no attribute 'frame'
[2026-09-01 14:32:28] [update_live_ui] AttributeError: 'dict' object has no attribute 'frame'
[2026-09-01 14:32:29] [update_live_ui] AttributeError: 'dict' object has no attribute 'frame'
[2026-09-01 14:32:30] [update_live_ui] AttributeError: 'dict' object has no attribute 'frame'
[2026-09-01 14:32:30] [update_behavioral_insight_panel] ValueError: invalid literal for int() with base 10: 'q1_secondsq2_secondsq3_secondsq4_seconds'
[2026-09-01 14:32:30] [periodic_insight_refresh] AttributeError: 'dict' object has no attribute 'frame'
[2026-09-01 14:32:31] [update_live_ui] AttributeError: 'dict' object has no attribute 'frame'
[2026-09-01 14:32:32] [update_live_ui] AttributeError: 'dict' object has no attribute 'frame'
[2026-09-01 14:48:09] [update_behavioral_insight_panel] ValueError: invalid literal for int() with base 10: 'q1_secondsq2_secondsq3_secondsq4_seconds'
[2026-09-16 08:29:25] [update_behavioral_insight_panel] ValueError: invalid literal for int() with base 10: 'q1_secondsq2_secondsq3_secondsq4_seconds'
[2026-09-16 08:29:42] [update_live_ui] AttributeError: 'dict' object has no attribute 'frame'
[2026-09-16 08:29:42] [update_behavioral_insight_panel] ValueError: invalid literal for int() with base 10: 'q1_secondsq2_secondsq3_secondsq4_seconds'
[2026-09-16 08:29:42] [periodic_insight_refresh] AttributeError: 'dict' object has no attribute 'frame'
[2026-09-16 08:29:43] [update_live_ui] AttributeError: 'dict' object has no attribute 'frame'
